Archive member included to satisfy reference by file (symbol)

C:/ST/STM32CubeIDE_1.14.1/STM32CubeIDE/plugins/com.st.stm32cube.ide.mcu.externaltools.gnu-tools-for-stm32.11.3.rel1.win32_1.1.100.202309141235/tools/bin/../lib/gcc/arm-none-eabi/11.3.1/../../../../arm-none-eabi/lib/thumb/v7e-m+fp/hard\libc_nano.a(libc_a-exit.o)
                              C:/ST/STM32CubeIDE_1.14.1/STM32CubeIDE/plugins/com.st.stm32cube.ide.mcu.externaltools.gnu-tools-for-stm32.11.3.rel1.win32_1.1.100.202309141235/tools/bin/../lib/gcc/arm-none-eabi/11.3.1/../../../../arm-none-eabi/lib/thumb/v7e-m+fp/hard/crt0.o (exit)
C:/ST/STM32CubeIDE_1.14.1/STM32CubeIDE/plugins/com.st.stm32cube.ide.mcu.externaltools.gnu-tools-for-stm32.11.3.rel1.win32_1.1.100.202309141235/tools/bin/../lib/gcc/arm-none-eabi/11.3.1/../../../../arm-none-eabi/lib/thumb/v7e-m+fp/hard\libc_nano.a(libc_a-findfp.o)
                              C:/ST/STM32CubeIDE_1.14.1/STM32CubeIDE/plugins/com.st.stm32cube.ide.mcu.externaltools.gnu-tools-for-stm32.11.3.rel1.win32_1.1.100.202309141235/tools/bin/../lib/gcc/arm-none-eabi/11.3.1/../../../../arm-none-eabi/lib/thumb/v7e-m+fp/hard\libc_nano.a(libc_a-exit.o) (__stdio_exit_handler)
C:/ST/STM32CubeIDE_1.14.1/STM32CubeIDE/plugins/com.st.stm32cube.ide.mcu.externaltools.gnu-tools-for-stm32.11.3.rel1.win32_1.1.100.202309141235/tools/bin/../lib/gcc/arm-none-eabi/11.3.1/../../../../arm-none-eabi/lib/thumb/v7e-m+fp/hard\libc_nano.a(libc_a-fwalk.o)
                              C:/ST/STM32CubeIDE_1.14.1/STM32CubeIDE/plugins/com.st.stm32cube.ide.mcu.externaltools.gnu-tools-for-stm32.11.3.rel1.win32_1.1.100.202309141235/tools/bin/../lib/gcc/arm-none-eabi/11.3.1/../../../../arm-none-eabi/lib/thumb/v7e-m+fp/hard\libc_nano.a(libc_a-findfp.o) (_fwalk_sglue)
C:/ST/STM32CubeIDE_1.14.1/STM32CubeIDE/plugins/com.st.stm32cube.ide.mcu.externaltools.gnu-tools-for-stm32.11.3.rel1.win32_1.1.100.202309141235/tools/bin/../lib/gcc/arm-none-eabi/11.3.1/../../../../arm-none-eabi/lib/thumb/v7e-m+fp/hard\libc_nano.a(libc_a-stdio.o)
                              C:/ST/STM32CubeIDE_1.14.1/STM32CubeIDE/plugins/com.st.stm32cube.ide.mcu.externaltools.gnu-tools-for-stm32.11.3.rel1.win32_1.1.100.202309141235/tools/bin/../lib/gcc/arm-none-eabi/11.3.1/../../../../arm-none-eabi/lib/thumb/v7e-m+fp/hard\libc_nano.a(libc_a-findfp.o) (__sread)
C:/ST/STM32CubeIDE_1.14.1/STM32CubeIDE/plugins/com.st.stm32cube.ide.mcu.externaltools.gnu-tools-for-stm32.11.3.rel1.win32_1.1.100.202309141235/tools/bin/../lib/gcc/arm-none-eabi/11.3.1/../../../../arm-none-eabi/lib/thumb/v7e-m+fp/hard\libc_nano.a(libc_a-memset.o)
                              C:/ST/STM32CubeIDE_1.14.1/STM32CubeIDE/plugins/com.st.stm32cube.ide.mcu.externaltools.gnu-tools-for-stm32.11.3.rel1.win32_1.1.100.202309141235/tools/bin/../lib/gcc/arm-none-eabi/11.3.1/../../../../arm-none-eabi/lib/thumb/v7e-m+fp/hard/crt0.o (memset)
C:/ST/STM32CubeIDE_1.14.1/STM32CubeIDE/plugins/com.st.stm32cube.ide.mcu.externaltools.gnu-tools-for-stm32.11.3.rel1.win32_1.1.100.202309141235/tools/bin/../lib/gcc/arm-none-eabi/11.3.1/../../../../arm-none-eabi/lib/thumb/v7e-m+fp/hard\libc_nano.a(libc_a-closer.o)
                              C:/ST/STM32CubeIDE_1.14.1/STM32CubeIDE/plugins/com.st.stm32cube.ide.mcu.externaltools.gnu-tools-for-stm32.11.3.rel1.win32_1.1.100.202309141235/tools/bin/../lib/gcc/arm-none-eabi/11.3.1/../../../../arm-none-eabi/lib/thumb/v7e-m+fp/hard\libc_nano.a(libc_a-stdio.o) (_close_r)
C:/ST/STM32CubeIDE_1.14.1/STM32CubeIDE/plugins/com.st.stm32cube.ide.mcu.externaltools.gnu-tools-for-stm32.11.3.rel1.win32_1.1.100.202309141235/tools/bin/../lib/gcc/arm-none-eabi/11.3.1/../../../../arm-none-eabi/lib/thumb/v7e-m+fp/hard\libc_nano.a(libc_a-reent.o)
                              C:/ST/STM32CubeIDE_1.14.1/STM32CubeIDE/plugins/com.st.stm32cube.ide.mcu.externaltools.gnu-tools-for-stm32.11.3.rel1.win32_1.1.100.202309141235/tools/bin/../lib/gcc/arm-none-eabi/11.3.1/../../../../arm-none-eabi/lib/thumb/v7e-m+fp/hard\libc_nano.a(libc_a-closer.o) (errno)
C:/ST/STM32CubeIDE_1.14.1/STM32CubeIDE/plugins/com.st.stm32cube.ide.mcu.externaltools.gnu-tools-for-stm32.11.3.rel1.win32_1.1.100.202309141235/tools/bin/../lib/gcc/arm-none-eabi/11.3.1/../../../../arm-none-eabi/lib/thumb/v7e-m+fp/hard\libc_nano.a(libc_a-impure.o)
                              C:/ST/STM32CubeIDE_1.14.1/STM32CubeIDE/plugins/com.st.stm32cube.ide.mcu.externaltools.gnu-tools-for-stm32.11.3.rel1.win32_1.1.100.202309141235/tools/bin/../lib/gcc/arm-none-eabi/11.3.1/../../../../arm-none-eabi/lib/thumb/v7e-m+fp/hard\libc_nano.a(libc_a-reent.o) (_impure_ptr)
C:/ST/STM32CubeIDE_1.14.1/STM32CubeIDE/plugins/com.st.stm32cube.ide.mcu.externaltools.gnu-tools-for-stm32.11.3.rel1.win32_1.1.100.202309141235/tools/bin/../lib/gcc/arm-none-eabi/11.3.1/../../../../arm-none-eabi/lib/thumb/v7e-m+fp/hard\libc_nano.a(libc_a-lseekr.o)
[...]
Memory Configuration

Name             Origin             Length             Attributes
RAM              0x0000000020000000 0x0000000000020000 xrw
FLASH            0x0000000008000000 0x0000000000080000 xr
*default*        0x0000000000000000 0xffffffffffffffff

Linker script and memory map

LOAD C:/ST/STM32CubeIDE_1.14.1/STM32CubeIDE/plugins/com.st.stm32cube.ide.mcu.externaltools.gnu-tools-for-stm32.11.3.rel1.win32_1.1.100.202309141235/tools/bin/../lib/gcc/arm-none-eabi/11.3.1/thumb/v7e-m+fp/hard/crti.o
LOAD C:/ST/STM32CubeIDE_1.14.1/STM32CubeIDE/plugins/com.st.stm32cube.ide.mcu.externaltools.gnu-tools-for-stm32.11.3.rel1.win32_1.1.100.202309141235/tools/bin/../lib/gcc/arm-none-eabi/11.3.1/thumb/v7e-m+fp/hard/crtbegin.o
LOAD C:/ST/STM32CubeIDE_1.14.1/STM32CubeIDE/plugins/com.st.stm32cube.ide.mcu.externaltools.gnu-tools-for-stm32.11.3.rel1.win32_1.1.100.202309141235/tools/bin/../lib/gcc/arm-none-eabi/11.3.1/../../../../arm-none-eabi/lib/thumb/v7e-m+fp/hard/crt0.o
LOAD ./Core/Src/gpio.o
LOAD ./Core/Src/main.o
LOAD ./Core/Src/project_work_cancello.o
LOAD ./Core/Src/stm32g4xx_hal_msp.o
LOAD ./Core/Src/stm32g4xx_it.o
LOAD ./Core/Src/syscalls.o
LOAD ./Core/Src/sysmem.o
LOAD ./Core/Src/system_stm32g4xx.o
LOAD ./Core/Startup/startup_stm32g474retx.o
LOAD ./Drivers/STM32G4xx_HAL_Driver/Src/stm32g4xx_hal.o
LOAD ./Drivers/STM32G4xx_HAL_Driver/Src/stm32g4xx_hal_cortex.o
LOAD ./Drivers/STM32G4xx_HAL_Driver/Src/stm32g4xx_hal_dma.o
LOAD ./Drivers/STM32G4xx_HAL_Driver/Src/stm32g4xx_hal_dma_ex.o
LOAD ./Drivers/STM32G4xx_HAL_Driver/Src/stm32g4xx_hal_exti.o
LOAD ./Drivers/STM32G4xx_HAL_Driver/Src/stm32g4xx_hal_flash.o
LOAD ./Drivers/STM32G4xx_HAL_Driver/Src/stm32g4xx_hal_flash_ex.o
LOAD ./Drivers/STM32G4xx_HAL_Driver/Src/stm32g4xx_hal_flash_ramfunc.o
LOAD ./Drivers/STM32G4xx_HAL_Driver/Src/stm32g4xx_hal_gpio.o
LOAD ./Drivers/STM32G4xx_HAL_Driver/Src/stm32g4xx_hal_pwr.o
LOAD ./Drivers/STM32G4xx_HAL_Driver/Src/stm32g4xx_hal_pwr_ex.o
LOAD ./Drivers/STM32G4xx_HAL_Driver/Src/stm32g4xx_hal_rcc.o
LOAD ./Drivers/STM32G4xx_HAL_Driver/Src/stm32g4xx_hal_rcc_ex.o
LOAD ./Drivers/STM32G4xx_HAL_Driver/Src/stm32g4xx_hal_tim.o
LOAD ./Drivers/STM32G4xx_HAL_Driver/Src/stm32g4xx_hal_tim_ex.o
START GROUP
LOAD C:/ST/STM32CubeIDE_1.14.1/STM32CubeIDE/plugins/com.st.stm32cube.ide.mcu.externaltools.gnu-tools-for-stm32.11.3.rel1.win32_1.1.100.202309141235/tools/bin/../lib/gcc/arm-none-eabi/11.3.1/../../../../arm-none-eabi/lib/thumb/v7e-m+fp/hard\libc_nano.a
LOAD C:/ST/STM32CubeIDE_1.14.1/STM32CubeIDE/plugins/com.st.stm32cube.ide.mcu.externaltools.gnu-tools-for-stm32.11.3.rel1.win32_1.1.100.202309141235/tools/bin/../lib/gcc/arm-none-eabi/11.3.1/../../../../arm-none-eabi/lib/thumb/v7e-m+fp/hard\libm.a
END GROUP
START GROUP
LOAD C:/ST/STM32CubeIDE_1.14.1/STM32CubeIDE/plugins/com.st.stm32cube.ide.mcu.externaltools.gnu-tools-for-stm32.11.3.rel1.win32_1.1.100.202309141235/tools/bin/../lib/gcc/arm-none-eabi/11.3.1/thumb/v7e-m+fp/hard\libgcc.a
LOAD C:/ST/STM32CubeIDE_1.14.1/STM32CubeIDE/plugins/com.st.stm32cube.ide.mcu.externaltools.gnu-tools-for-stm32.11.3.rel1.win32_1.1.100.202309141235/tools/bin/../lib/gcc/arm-none-eabi/11.3.1/../../../../arm-none-eabi/lib/thumb/v7e-m+fp/hard\libc_nano.a
END GROUP
START GROUP
LOAD C:/ST/STM32CubeIDE_1.14.1/STM32CubeIDE/plugins/com.st.stm32cube.ide.mcu.externaltools.gnu-tools-for-stm32.11.3.rel1.win32_1.1.100.202309141235/tools/bin/../lib/gcc/arm-none-eabi/11.3.1/thumb/v7e-m+fp/hard\libgcc.a
LOAD C:/ST/STM32CubeIDE_1.14.1/STM32CubeIDE/plugins/com.st.stm32cube.ide.mcu.externaltools.gnu-tools-for-stm32.11.3.rel1.win32_1.1.100.202309141235/tools/bin/../lib/gcc/arm-none-eabi/11.3.1/../../../../arm-none-eabi/lib/thumb/v7e-m+fp/hard\libc_nano.a
LOAD C:/ST/STM32CubeIDE_1.14.1/STM32CubeIDE/plugins/com.st.stm32cube.ide.mcu.externaltools.gnu-tools-for-stm32.11.3.rel1.win32_1.1.100.202309141235/tools/bin/../lib/gcc/arm-none-eabi/11.3.1/../../../../arm-none-eabi/lib/thumb/v7e-m+fp/hard\libnosys.a
END GROUP
START GROUP
LOAD C:/ST/STM32CubeIDE_1.14.1/STM32CubeIDE/plugins/com.st.stm32cube.ide.mcu.externaltools.gnu-tools-for-stm32.11.3.rel1.win32_1.1.100.202309141235/tools/bin/../lib/gcc/arm-none-eabi/11.3.1/thumb/v7e-m+fp/hard\libgcc.a
LOAD C:/ST/STM32CubeIDE_1.14.1/STM32CubeIDE/plugins/com.st.stm32cube.ide.mcu.externaltools.gnu-tools-for-stm32.11.3.rel1.win32_1.1.100.202309141235/tools/bin/../lib/gcc/arm-none-eabi/11.3.1/../../../../arm-none-eabi/lib/thumb/v7e-m+fp/hard\libc_nano.a
LOAD C:/ST/STM32CubeIDE_1.14.1/STM32CubeIDE/plugins/com.st.stm32cube.ide.mcu.externaltools.gnu-tools-for-stm32.11.3.rel1.win32_1.1.100.202309141235/tools/bin/../lib/gcc/arm-none-eabi/11.3.1/../../../../arm-none-eabi/lib/thumb/v7e-m+fp/hard\libnosys.a
END GROUP
LOAD C:/ST/STM32CubeIDE_1.14.1/STM32CubeIDE/plugins/com.st.stm32cube.ide.mcu.externaltools.gnu-tools-for-stm32.11.3.rel1.win32_1.1.100.202309141235/tools/bin/../lib/gcc/arm-none-eabi/11.3.1/thumb/v7e-m+fp/hard/crtend.o
LOAD C:/ST/STM32CubeIDE_1.14.1/STM32CubeIDE/plugins/com.st.stm32cube.ide.mcu.externaltools.gnu-tools-for-stm32.11.3.rel1.win32_1.1.100.202309141235/tools/bin/../lib/gcc/arm-none-eabi/11.3.1/thumb/v7e-m+fp/hard/crtn.o
                0x0000000020020000                _estack = (ORIGIN (RAM) + LENGTH (RAM))
                0x0000000000000200                _Min_Heap_Size = 0x200
                0x0000000000000400                _Min_Stack_Size = 0x400

.isr_vector     0x0000000008000000      0x1d8
                0x0000000008000000                . = ALIGN (0x4)
 *(.isr_vector)
 .isr_vector    0x0000000008000000      0x1d8 ./Core/Startup/startup_stm32g474retx.o
                0x0000000008000000                g_pfnVectors
                0x00000000080001d8                . = ALIGN (0x4)

.text           0x00000000080001d8     0x2160
                0x00000000080001d8                . = ALIGN (0x4)
 *(.text)
 .text          0x00000000080001d8       0x40 C:/ST/STM32CubeIDE_1.14.1/STM32CubeIDE/plugins/com.st.stm32cube.ide.mcu.externaltools.gnu-tools-for-stm32.11.3.rel1.win32_1.1.100.202309141235/tools/bin/../lib/gcc/arm-none-eabi/11.3.1/thumb/v7e-m+fp/hard/crtbegin.o
 *(.text*)
 .text.MX_GPIO_Init
                0x0000000008000218       0x9c ./Core/Src/gpio.o
                0x0000000008000218                MX_GPIO_Init
 .text.FSM_A_read_inputs
                0x00000000080002b4       0x98 ./Core/Src/main.o
 .text.FSM_A_write_outputs
                0x000000000800034c       0x3c ./Core/Src/main.o
 .text.main     0x0000000008000388       0x42 ./Core/Src/main.o
                0x0000000008000388                main
 .text.SystemClock_Config
                0x00000000080003ca       0x96 ./Core/Src/main.o
                0x00000000080003ca                SystemClock_Config
 .text.Error_Handler
                0x0000000008000460        0xa ./Core/Src/main.o
                0x0000000008000460                Error_Handler
 .text.Button_Init
                0x000000000800046a       0x1a ./Core/Src/project_work_cancello.o
 .text.Button   0x0000000008000484       0x90 ./Core/Src/project_work_cancello.o
 .text.Reset    0x0000000008000514       0x20 ./Core/Src/project_work_cancello.o
 .text.Reset_LV
                0x0000000008000534       0x20 ./Core/Src/project_work_cancello.o
 .text.Update_Time_T_C
                0x0000000008000554       0x2c ./Core/Src/project_work_cancello.o
 .text.Update_Time_T_L
                0x0000000008000580       0x2c ./Core/Src/project_work_cancello.o
 .text.project_work_cancello_step
                0x00000000080005ac      0x9ac ./Core/Src/project_work_cancello.o
                0x00000000080005ac                project_work_cancello_step
 .text.project_work_cancello_initialize
                0x0000000008000f58       0xb8 ./Core/Src/project_work_cancello.o
                0x0000000008000f58                project_work_cancello_initialize
 .text.HAL_MspInit
                0x0000000008001010       0x48 ./Core/Src/stm32g4xx_hal_msp.o
                0x0000000008001010                HAL_MspInit
 .text.NMI_Handler
                0x0000000008001058        0x6 ./Core/Src/stm32g4xx_it.o
                0x0000000008001058                NMI_Handler
 .text.HardFault_Handler
                0x000000000800105e        0x6 ./Core/Src/stm32g4xx_it.o
                0x000000000800105e                HardFault_Handler
 .text.MemManage_Handler
                0x0000000008001064        0x6 ./Core/Src/stm32g4xx_it.o
                0x0000000008001064                MemManage_Handler
 .text.BusFault_Handler
                0x000000000800106a        0x6 ./Core/Src/stm32g4xx_it.o
                0x000000000800106a                BusFault_Handler
 .text.UsageFault_Handler
                0x0000000008001070        0x6 ./Core/Src/stm32g4xx_it.o
                0x0000000008001070                UsageFault_Handler
 .text.SVC_Handler
                0x0000000008001076        0xe ./Core/Src/stm32g4xx_it.o
                0x0000000008001076                SVC_Handler
 .text.DebugMon_Handler
                0x0000000008001084        0xe ./Core/Src/stm32g4xx_it.o
                0x0000000008001084                DebugMon_Handler
 .text.PendSV_Handler
                0x0000000008001092        0xe ./Core/Src/stm32g4xx_it.o
                0x0000000008001092                PendSV_Handler
 .text.SysTick_Handler
                0x00000000080010a0        0xc ./Core/Src/stm32g4xx_it.o
                0x00000000080010a0                SysTick_Handler
 .text.SystemInit
                0x00000000080010ac       0x24 ./Core/Src/system_stm32g4xx.o
                0x00000000080010ac                SystemInit
 .text.Reset_Handler
                0x00000000080010d0       0x50 ./Core/Startup/startup_stm32g474retx.o
                0x00000000080010d0                Reset_Handler
 .text.Default_Handler
                0x0000000008001120        0x2 ./Core/Startup/startup_stm32g474retx.o
                0x0000000008001120                RTC_Alarm_IRQHandler
                0x0000000008001120                EXTI2_IRQHandler
                0x0000000008001120                TIM8_TRG_COM_IRQHandler
                0x0000000008001120                TIM8_CC_IRQHandler
                0x0000000008001120                HRTIM1_Master_IRQHandler
                0x0000000008001120                SPI4_IRQHandler
                0x0000000008001120                FDCAN3_IT0_IRQHandler
                0x0000000008001120                TIM1_CC_IRQHandler
                0x0000000008001120                HRTIM1_FLT_IRQHandler
                0x0000000008001120                HRTIM1_TIMF_IRQHandler
                0x0000000008001120                USB_HP_IRQHandler
                0x0000000008001120                CORDIC_IRQHandler
                0x0000000008001120                HRTIM1_TIMD_IRQHandler
                0x0000000008001120                DMA2_Channel8_IRQHandler
                0x0000000008001120                EXTI3_IRQHandler
                0x0000000008001120                I2C3_ER_IRQHandler
                0x0000000008001120                EXTI0_IRQHandler
                0x0000000008001120                I2C2_EV_IRQHandler
                0x0000000008001120                FPU_IRQHandler
                0x0000000008001120                FDCAN1_IT1_IRQHandler
                0x0000000008001120                TIM1_UP_TIM16_IRQHandler
                0x0000000008001120                ADC1_2_IRQHandler
                0x0000000008001120                HRTIM1_TIME_IRQHandler
                0x0000000008001120                SPI1_IRQHandler
                0x0000000008001120                TIM6_DAC_IRQHandler
                0x0000000008001120                HRTIM1_TIMC_IRQHandler
                0x0000000008001120                TIM8_UP_IRQHandler
                0x0000000008001120                DMA2_Channel2_IRQHandler
                0x0000000008001120                DMA1_Channel4_IRQHandler
                0x0000000008001120                TIM20_TRG_COM_IRQHandler
                0x0000000008001120                USART3_IRQHandler
                0x0000000008001120                DMA1_Channel7_IRQHandler
                0x0000000008001120                UART5_IRQHandler
                0x0000000008001120                ADC3_IRQHandler
                0x0000000008001120                TIM4_IRQHandler
                0x0000000008001120                DMA2_Channel1_IRQHandler
                0x0000000008001120                QUADSPI_IRQHandler
                0x0000000008001120                I2C1_EV_IRQHandler
                0x0000000008001120                DMA1_Channel6_IRQHandler
                0x0000000008001120                UART4_IRQHandler
                0x0000000008001120                DMA2_Channel4_IRQHandler
                0x0000000008001120                TIM3_IRQHandler
                0x0000000008001120                RCC_IRQHandler
                0x0000000008001120                TIM20_UP_IRQHandler
                0x0000000008001120                DMA1_Channel1_IRQHandler
                0x0000000008001120                Default_Handler
                0x0000000008001120                DMA2_Channel7_IRQHandler
                0x0000000008001120                RTC_TAMP_LSECSS_IRQHandler
                0x0000000008001120                FMAC_IRQHandler
                0x0000000008001120                EXTI15_10_IRQHandler
                0x0000000008001120                DMA1_Channel8_IRQHandler
                0x0000000008001120                HRTIM1_TIMA_IRQHandler
                0x0000000008001120                TIM7_DAC_IRQHandler
                0x0000000008001120                FDCAN3_IT1_IRQHandler
                0x0000000008001120                TIM5_IRQHandler
                0x0000000008001120                UCPD1_IRQHandler
                0x0000000008001120                I2C3_EV_IRQHandler
                0x0000000008001120                EXTI9_5_IRQHandler
                0x0000000008001120                RTC_WKUP_IRQHandler
                0x0000000008001120                PVD_PVM_IRQHandler
                0x0000000008001120                SPI2_IRQHandler
                0x0000000008001120                ADC5_IRQHandler
                0x0000000008001120                DMA2_Channel5_IRQHandler
                0x0000000008001120                CRS_IRQHandler
                0x0000000008001120                DMA1_Channel5_IRQHandler
                0x0000000008001120                USB_LP_IRQHandler
                0x0000000008001120                EXTI4_IRQHandler
                0x0000000008001120                RNG_IRQHandler
                0x0000000008001120                HRTIM1_TIMB_IRQHandler
                0x0000000008001120                TIM1_TRG_COM_TIM17_IRQHandler
                0x0000000008001120                FDCAN2_IT1_IRQHandler
                0x0000000008001120                DMA1_Channel3_IRQHandler
                0x0000000008001120                ADC4_IRQHandler
                0x0000000008001120                WWDG_IRQHandler
                0x0000000008001120                I2C4_EV_IRQHandler
                0x0000000008001120                FDCAN2_IT0_IRQHandler
                0x0000000008001120                LPUART1_IRQHandler
                0x0000000008001120                DMA2_Channel6_IRQHandler
                0x0000000008001120                FDCAN1_IT0_IRQHandler
                0x0000000008001120                TIM2_IRQHandler
                0x0000000008001120                COMP7_IRQHandler
                0x0000000008001120                COMP1_2_3_IRQHandler
                0x0000000008001120                EXTI1_IRQHandler
                0x0000000008001120                USART2_IRQHandler
                0x0000000008001120                COMP4_5_6_IRQHandler
                0x0000000008001120                TIM20_BRK_IRQHandler
                0x0000000008001120                I2C2_ER_IRQHandler
                0x0000000008001120                DMA1_Channel2_IRQHandler
                0x0000000008001120                TIM8_BRK_IRQHandler
                0x0000000008001120                FLASH_IRQHandler
                0x0000000008001120                TIM20_CC_IRQHandler
                0x0000000008001120                USART1_IRQHandler
                0x0000000008001120                SPI3_IRQHandler
                0x0000000008001120                I2C1_ER_IRQHandler
                0x0000000008001120                FMC_IRQHandler
                0x0000000008001120                LPTIM1_IRQHandler
                0x0000000008001120                DMAMUX_OVR_IRQHandler
                0x0000000008001120                I2C4_ER_IRQHandler
                0x0000000008001120                USBWakeUp_IRQHandler
                0x0000000008001120                SAI1_IRQHandler
                0x0000000008001120                DMA2_Channel3_IRQHandler
                0x0000000008001120                TIM1_BRK_TIM15_IRQHandler
 .text.HAL_Init
                0x0000000008001122       0x30 ./Drivers/STM32G4xx_HAL_Driver/Src/stm32g4xx_hal.o
                0x0000000008001122                HAL_Init
 *fill*         0x0000000008001152        0x2 
 .text.HAL_InitTick
                0x0000000008001154       0x74 ./Drivers/STM32G4xx_HAL_Driver/Src/stm32g4xx_hal.o
                0x0000000008001154                HAL_InitTick
 .text.HAL_IncTick
                0x00000000080011c8       0x24 ./Drivers/STM32G4xx_HAL_Driver/Src/stm32g4xx_hal.o
                0x00000000080011c8                HAL_IncTick
 .text.HAL_GetTick
                0x00000000080011ec       0x18 ./Drivers/STM32G4xx_HAL_Driver/Src/stm32g4xx_hal.o
                0x00000000080011ec                HAL_GetTick
 .text.HAL_Delay
                0x0000000008001204       0x44 ./Drivers/STM32G4xx_HAL_Driver/Src/stm32g4xx_hal.o
                0x0000000008001204                HAL_Delay
 .text.__NVIC_SetPriorityGrouping
                0x0000000008001248       0x48 ./Drivers/STM32G4xx_HAL_Driver/Src/stm32g4xx_hal_cortex.o
 .text.__NVIC_GetPriorityGrouping
                0x0000000008001290       0x1c ./Drivers/STM32G4xx_HAL_Driver/Src/stm32g4xx_hal_cortex.o
 .text.__NVIC_SetPriority
                0x00000000080012ac       0x54 ./Drivers/STM32G4xx_HAL_Driver/Src/stm32g4xx_hal_cortex.o
 .text.NVIC_EncodePriority
                0x0000000008001300       0x66 ./Drivers/STM32G4xx_HAL_Driver/Src/stm32g4xx_hal_cortex.o
 *fill*         0x0000000008001366        0x2 
 .text.SysTick_Config
                0x0000000008001368       0x44 ./Drivers/STM32G4xx_HAL_Driver/Src/stm32g4xx_hal_cortex.o
 .text.HAL_NVIC_SetPriorityGrouping
                0x00000000080013ac       0x16 ./Drivers/STM32G4xx_HAL_Driver/Src/stm32g4xx_hal_cortex.o
                0x00000000080013ac                HAL_NVIC_SetPriorityGrouping
 .text.HAL_NVIC_SetPriority
                0x00000000080013c2       0x34 ./Drivers/STM32G4xx_HAL_Driver/Src/stm32g4xx_hal_cortex.o
                0x00000000080013c2                HAL_NVIC_SetPriority
 .text.HAL_SYSTICK_Config
                0x00000000080013f6       0x18 ./Drivers/STM32G4xx_HAL_Driver/Src/stm32g4xx_hal_cortex.o
                0x00000000080013f6                HAL_SYSTICK_Config
 *fill*         0x000000000800140e        0x2 
 .text.HAL_GPIO_Init
                0x0000000008001410      0x304 ./Drivers/STM32G4xx_HAL_Driver/Src/stm32g4xx_hal_gpio.o
                0x0000000008001410                HAL_GPIO_Init
 .text.HAL_GPIO_ReadPin
                0x0000000008001714       0x30 ./Drivers/STM32G4xx_HAL_Driver/Src/stm32g4xx_hal_gpio.o
                0x0000000008001714                HAL_GPIO_ReadPin
 .text.HAL_GPIO_WritePin
                0x0000000008001744       0x30 ./Drivers/STM32G4xx_HAL_Driver/Src/stm32g4xx_hal_gpio.o
                0x0000000008001744                HAL_GPIO_WritePin
 .text.HAL_PWREx_ControlVoltageScaling
                0x0000000008001774      0x148 ./Drivers/STM32G4xx_HAL_Driver/Src/stm32g4xx_hal_pwr_ex.o
                0x0000000008001774                HAL_PWREx_ControlVoltageScaling
 .text.HAL_PWREx_DisableUCPDDeadBattery
                0x00000000080018bc       0x20 ./Drivers/STM32G4xx_HAL_Driver/Src/stm32g4xx_hal_pwr_ex.o
                0x00000000080018bc                HAL_PWREx_DisableUCPDDeadBattery
 .text.HAL_RCC_OscConfig
                0x00000000080018dc      0x624 ./Drivers/STM32G4xx_HAL_Driver/Src/stm32g4xx_hal_rcc.o
                0x00000000080018dc                HAL_RCC_OscConfig
 .text.HAL_RCC_ClockConfig
                0x0000000008001f00      0x278 ./Drivers/STM32G4xx_HAL_Driver/Src/stm32g4xx_hal_rcc.o
                0x0000000008001f00                HAL_RCC_ClockConfig
 .text.HAL_RCC_GetSysClockFreq
                0x0000000008002178       0xc4 ./Drivers/STM32G4xx_HAL_Driver/Src/stm32g4xx_hal_rcc.o
                0x0000000008002178                HAL_RCC_GetSysClockFreq
 .text.RCC_GetSysClockFreqFromPLLSource
                0x000000000800223c       0x8c ./Drivers/STM32G4xx_HAL_Driver/Src/stm32g4xx_hal_rcc.o
 .text.memset   0x00000000080022c8       0x10 C:/ST/STM32CubeIDE_1.14.1/STM32CubeIDE/plugins/com.st.stm32cube.ide.mcu.externaltools.gnu-tools-for-stm32.11.3.rel1.win32_1.1.100.202309141235/tools/bin/../lib/gcc/arm-none-eabi/11.3.1/../../../../arm-none-eabi/lib/thumb/v7e-m+fp/hard\libc_nano.a(libc_a-memset.o)
                0x00000000080022c8                memset
 .text.__libc_init_array
                0x00000000080022d8       0x48 C:/ST/STM32CubeIDE_1.14.1/STM32CubeIDE/plugins/com.st.stm32cube.ide.mcu.externaltools.gnu-tools-for-stm32.11.3.rel1.win32_1.1.100.202309141235/tools/bin/../lib/gcc/arm-none-eabi/11.3.1/../../../../arm-none-eabi/lib/thumb/v7e-m+fp/hard\libc_nano.a(libc_a-init.o)
                0x00000000080022d8                __libc_init_array
 *(.glue_7)
 .glue_7        0x0000000008002320        0x0 linker stubs
 *(.glue_7t)
 .glue_7t       0x0000000008002320        0x0 linker stubs
 *(.eh_frame)
 .eh_frame      0x0000000008002320        0x0 C:/ST/STM32CubeIDE_1.14.1/STM32CubeIDE/plugins/com.st.stm32cube.ide.mcu.externaltools.gnu-tools-for-stm32.11.3.rel1.win32_1.1.100.202309141235/tools/bin/../lib/gcc/arm-none-eabi/11.3.1/thumb/v7e-m+fp/hard/crtbegin.o
 *(.init)
 .init          0x0000000008002320        0x4 C:/ST/STM32CubeIDE_1.14.1/STM32CubeIDE/plugins/com.st.stm32cube.ide.mcu.externaltools.gnu-tools-for-stm32.11.3.rel1.win32_1.1.100.202309141235/tools/bin/../lib/gcc/arm-none-eabi/11.3.1/thumb/v7e-m+fp/hard/crti.o
                0x0000000008002320                _init
 .init          0x0000000008002324        0x8 C:/ST/STM32CubeIDE_1.14.1/STM32CubeIDE/plugins/com.st.stm32cube.ide.mcu.externaltools.gnu-tools-for-stm32.11.3.rel1.win32_1.1.100.202309141235/tools/bin/../lib/gcc/arm-none-eabi/11.3.1/thumb/v7e-m+fp/hard/crtn.o
 *(.fini)
 .fini          0x000000000800232c        0x4 C:/ST/STM32CubeIDE_1.14.1/STM32CubeIDE/plugins/com.st.stm32cube.ide.mcu.externaltools.gnu-tools-for-stm32.11.3.rel1.win32_1.1.100.202309141235/tools/bin/../lib/gcc/arm-none-eabi/11.3.1/thumb/v7e-m+fp/hard/crti.o
                0x000000000800232c                _fini
 .fini          0x0000000008002330        0x8 C:/ST/STM32CubeIDE_1.14.1/STM32CubeIDE/plugins/com.st.stm32cube.ide.mcu.externaltools.gnu-tools-for-stm32.11.3.rel1.win32_1.1.100.202309141235/tools/bin/../lib/gcc/arm-none-eabi/11.3.1/thumb/v7e-m+fp/hard/crtn.o
                0x0000000008002338                . = ALIGN (0x4)
                0x0000000008002338                _etext = .

.vfp11_veneer   0x0000000008002338        0x0
 .vfp11_veneer  0x0000000008002338        0x0 linker stubs

.v4_bx          0x0000000008002338        0x0
 .v4_bx         0x0000000008002338        0x0 linker stubs

.iplt           0x0000000008002338        0x0
 .iplt          0x0000000008002338        0x0 C:/ST/STM32CubeIDE_1.14.1/STM32CubeIDE/plugins/com.st.stm32cube.ide.mcu.externaltools.gnu-tools-for-stm32.11.3.rel1.win32_1.1.100.202309141235/tools/bin/../lib/gcc/arm-none-eabi/11.3.1/thumb/v7e-m+fp/hard/crtbegin.o

.rodata         0x0000000008002338       0x10
                0x0000000008002338                . = ALIGN (0x4)
 *(.rodata)
 *(.rodata*)
 .rodata.AHBPrescTable
                0x0000000008002338       0x10 ./Core/Src/system_stm32g4xx.o
                0x0000000008002338                AHBPrescTable
                0x0000000008002348                . = ALIGN (0x4)

.rel.dyn        0x0000000008002348        0x0
 .rel.iplt      0x0000000008002348        0x0 C:/ST/STM32CubeIDE_1.14.1/STM32CubeIDE/plugins/com.st.stm32cube.ide.mcu.externaltools.gnu-tools-for-stm32.11.3.rel1.win32_1.1.100.202309141235/tools/bin/../lib/gcc/arm-none-eabi/11.3.1/thumb/v7e-m+fp/hard/crtbegin.o

.ARM.extab      0x0000000008002348        0x0
                0x0000000008002348                . = ALIGN (0x4)
 *(.ARM.extab* .gnu.linkonce.armextab.*)
                0x0000000008002348                . = ALIGN (0x4)

.ARM            0x0000000008002348        0x0
                0x0000000008002348                . = ALIGN (0x4)
                0x0000000008002348                __exidx_start = .
 *(.ARM.exidx*)
                0x0000000008002348                __exidx_end = .
                0x0000000008002348                . = ALIGN (0x4)

.preinit_array  0x0000000008002348        0x0
                0x0000000008002348                . = ALIGN (0x4)
                0x0000000008002348                PROVIDE (__preinit_array_start = .)
 *(.preinit_array*)
                0x0000000008002348                PROVIDE (__preinit_array_end = .)
                0x0000000008002348                . = ALIGN (0x4)

.init_array     0x0000000008002348        0x4
                0x0000000008002348                . = ALIGN (0x4)
                0x0000000008002348                PROVIDE (__init_array_start = .)
 *(SORT_BY_NAME(.init_array.*))
 *(.init_array*)
 .init_array    0x0000000008002348        0x4 C:/ST/STM32CubeIDE_1.14.1/STM32CubeIDE/plugins/com.st.stm32cube.ide.mcu.externaltools.gnu-tools-for-stm32.11.3.rel1.win32_1.1.100.202309141235/tools/bin/../lib/gcc/arm-none-eabi/11.3.1/thumb/v7e-m+fp/hard/crtbegin.o
                0x000000000800234c                PROVIDE (__init_array_end = .)
                0x000000000800234c                . = ALIGN (0x4)

.fini_array     0x000000000800234c        0x4
                0x000000000800234c                . = ALIGN (0x4)
                [!provide]                        PROVIDE (__fini_array_start = .)
 *(SORT_BY_NAME(.fini_array.*))
 *(.fini_array*)
 .fini_array    0x000000000800234c        0x4 C:/ST/STM32CubeIDE_1.14.1/STM32CubeIDE/plugins/com.st.stm32cube.ide.mcu.externaltools.gnu-tools-for-stm32.11.3.rel1.win32_1.1.100.202309141235/tools/bin/../lib/gcc/arm-none-eabi/11.3.1/thumb/v7e-m+fp/hard/crtbegin.o
                [!provide]                        PROVIDE (__fini_array_end = .)
                0x0000000008002350                . = ALIGN (0x4)
                0x0000000008002350                _sidata = LOADADDR (.data)

.data           0x0000000020000000        0xc load address 0x0000000008002350
                0x0000000020000000                . = ALIGN (0x4)
                0x0000000020000000                _sdata = .
 *(.data)
 *(.data*)
 .data.SystemCoreClock
                0x0000000020000000        0x4 ./Core/Src/system_stm32g4xx.o
                0x0000000020000000                SystemCoreClock
 .data.uwTickPrio
                0x0000000020000004        0x4 ./Drivers/STM32G4xx_HAL_Driver/Src/stm32g4xx_hal.o
                0x0000000020000004                uwTickPrio
 .data.uwTickFreq
                0x0000000020000008        0x4 ./Drivers/STM32G4xx_HAL_Driver/Src/stm32g4xx_hal.o
                0x0000000020000008                uwTickFreq
 *(.RamFunc)
 *(.RamFunc*)
                0x000000002000000c                . = ALIGN (0x4)
                0x000000002000000c                _edata = .

.igot.plt       0x000000002000000c        0x0 load address 0x000000000800235c
 .igot.plt      0x000000002000000c        0x0 C:/ST/STM32CubeIDE_1.14.1/STM32CubeIDE/plugins/com.st.stm32cube.ide.mcu.externaltools.gnu-tools-for-stm32.11.3.rel1.win32_1.1.100.202309141235/tools/bin/../lib/gcc/arm-none-eabi/11.3.1/thumb/v7e-m+fp/hard/crtbegin.o
                0x000000002000000c                . = ALIGN (0x4)

.bss            0x000000002000000c       0x74 load address 0x000000000800235c
                0x000000002000000c                _sbss = .
                0x000000002000000c                __bss_start__ = _sbss
 *(.bss)
 .bss           0x000000002000000c       0x1c C:/ST/STM32CubeIDE_1.14.1/STM32CubeIDE/plugins/com.st.stm32cube.ide.mcu.externaltools.gnu-tools-for-stm32.11.3.rel1.win32_1.1.100.202309141235/tools/bin/../lib/gcc/arm-none-eabi/11.3.1/thumb/v7e-m+fp/hard/crtbegin.o
 *(.bss*)
 .bss.rtDW      0x0000000020000028       0x48 ./Core/Src/project_work_cancello.o
                0x0000000020000028                rtDW
 .bss.rtU       0x0000000020000070        0x5 ./Core/Src/project_work_cancello.o
                0x0000000020000070                rtU
 *fill*         0x0000000020000075        0x3 
 .bss.rtY       0x0000000020000078        0x3 ./Core/Src/project_work_cancello.o
                0x0000000020000078                rtY
 *fill*         0x000000002000007b        0x1 
 .bss.uwTick    0x000000002000007c        0x4 ./Drivers/STM32G4xx_HAL_Driver/Src/stm32g4xx_hal.o
                0x000000002000007c                uwTick
 *(COMMON)
                0x0000000020000080                . = ALIGN (0x4)
                0x0000000020000080                _ebss = .
                0x0000000020000080                __bss_end__ = _ebss

._user_heap_stack
                0x0000000020000080      0x600 load address 0x000000000800235c
                0x0000000020000080                . = ALIGN (0x8)
                [!provide]                        PROVIDE (end = .)
                0x0000000020000080                PROVIDE (_end = .)
                0x0000000020000280                . = (. + _Min_Heap_Size)
 *fill*         0x0000000020000080      0x200 
                0x0000000020000680                . = (. + _Min_Stack_Size)
 *fill*         0x0000000020000280      0x400 
                0x0000000020000680                . = ALIGN (0x8)

/DISCARD/
 libc.a(*)
 libm.a(*)
 libgcc.a(*)

.ARM.attributes
                0x0000000000000000       0x30
 *(.ARM.attributes)
 .ARM.attributes
                0x0000000000000000       0x1e C:/ST/STM32CubeIDE_1.14.1/STM32CubeIDE/plugins/com.st.stm32cube.ide.mcu.externaltools.gnu-tools-for-stm32.11.3.rel1.win32_1.1.100.202309141235/tools/bin/../lib/gcc/arm-none-eabi/11.3.1/thumb/v7e-m+fp/hard/crti.o
 .ARM.attributes
                0x000000000000001e       0x34 C:/ST/STM32CubeIDE_1.14.1/STM32CubeIDE/plugins/com.st.stm32cube.ide.mcu.externaltools.gnu-tools-for-stm32.11.3.rel1.win32_1.1.100.202309141235/tools/bin/../lib/gcc/arm-none-eabi/11.3.1/thumb/v7e-m+fp/hard/crtbegin.o
 .ARM.attributes
                0x0000000000000052       0x34 ./Core/Src/gpio.o
 .ARM.attributes
                0x0000000000000086       0x34 ./Core/Src/main.o
 .ARM.attributes
                0x00000000000000ba       0x34 ./Core/Src/project_work_cancello.o
 .ARM.attributes
                0x00000000000000ee       0x34 ./Core/Src/stm32g4xx_hal_msp.o
 .ARM.attributes
                0x0000000000000122       0x34 ./Core/Src/stm32g4xx_it.o
 .ARM.attributes
                0x0000000000000156       0x34 ./Core/Src/system_stm32g4xx.o
 .ARM.attributes
                0x000000000000018a       0x21 ./Core/Startup/startup_stm32g474retx.o
 .ARM.attributes
                0x00000000000001ab       0x34 ./Drivers/STM32G4xx_HAL_Driver/Src/stm32g4xx_hal.o
 .ARM.attributes
                0x00000000000001df       0x34 ./Drivers/STM32G4xx_HAL_Driver/Src/stm32g4xx_hal_cortex.o
 .ARM.attributes
                0x0000000000000213       0x34 ./Drivers/STM32G4xx_HAL_Driver/Src/stm32g4xx_hal_gpio.o
 .ARM.attributes
                0x0000000000000247       0x34 ./Drivers/STM32G4xx_HAL_Driver/Src/stm32g4xx_hal_pwr_ex.o
 .ARM.attributes
                0x000000000000027b       0x34 ./Drivers/STM32G4xx_HAL_Driver/Src/stm32g4xx_hal_rcc.o
 .ARM.attributes
                0x00000000000002af       0x34 C:/ST/STM32CubeIDE_1.14.1/STM32CubeIDE/plugins/com.st.stm32cube.ide.mcu.externaltools.gnu-tools-for-stm32.11.3.rel1.win32_1.1.100.202309141235/tools/bin/../lib/gcc/arm-none-eabi/11.3.1/../../../../arm-none-eabi/lib/thumb/v7e-m+fp/hard\libc_nano.a(libc_a-memset.o)
 .ARM.attributes
                0x00000000000002e3       0x34 C:/ST/STM32CubeIDE_1.14.1/STM32CubeIDE/plugins/com.st.stm32cube.ide.mcu.externaltools.gnu-tools-for-stm32.11.3.rel1.win32_1.1.100.202309141235/tools/bin/../lib/gcc/arm-none-eabi/11.3.1/../../../../arm-none-eabi/lib/thumb/v7e-m+fp/hard\libc_nano.a(libc_a-init.o)
 .ARM.attributes
                0x0000000000000317       0x1e C:/ST/STM32CubeIDE_1.14.1/STM32CubeIDE/plugins/com.st.stm32cube.ide.mcu.externaltools.gnu-tools-for-stm32.11.3.rel1.win32_1.1.100.202309141235/tools/bin/../lib/gcc/arm-none-eabi/11.3.1/thumb/v7e-m+fp/hard/crtn.o
OUTPUT(projectwork_cancello_gruppo6.elf elf32-littlearm)
LOAD linker stubs
LOAD C:/ST/STM32CubeIDE_1.14.1/STM32CubeIDE/plugins/com.st.stm32cube.ide.mcu.externaltools.gnu-tools-for-stm32.11.3.rel1.win32_1.1.100.202309141235/tools/bin/../lib/gcc/arm-none-eabi/11.3.1/../../../../arm-none-eabi/lib/thumb/v7e-m+fp/hard\libc.a
LOAD C:/ST/STM32CubeIDE_1.14.1/STM32CubeIDE/plugins/com.st.stm32cube.ide.mcu.externaltools.gnu-tools-for-stm32.11.3.rel1.win32_1.1.100.202309141235/tools/bin/../lib/gcc/arm-none-eabi/11.3.1/../../../../arm-none-eabi/lib/thumb/v7e-m+fp/hard\libm.a
LOAD C:/ST/STM32CubeIDE_1.14.1/STM32CubeIDE/plugins/com.st.stm32cube.ide.mcu.externaltools.gnu-tools-for-stm32.11.3.rel1.win32_1.1.100.202309141235/tools/bin/../lib/gcc/arm-none-eabi/11.3.1/thumb/v7e-m+fp/hard\libgcc.a

.comment        0x0000000000000000       0x43
 .comment       0x0000000000000000       0x43 C:/ST/STM32CubeIDE_1.14.1/STM32CubeIDE/plugins/com.st.stm32cube.ide.mcu.externaltools.gnu-tools-for-stm32.11.3.rel1.win32_1.1.100.202309141235/tools/bin/../lib/gcc/arm-none-eabi/11.3.1/thumb/v7e-m+fp/hard/crtbegin.o
                                         0x44 (size before relaxing)
 .comment       0x0000000000000043       0x44 ./Core/Src/gpio.o
 .comment       0x0000000000000043       0x44 ./Core/Src/main.o
 .comment       0x0000000000000043       0x44 ./Core/Src/project_work_cancello.o
 .comment       0x0000000000000043       0x44 ./Core/Src/stm32g4xx_hal_msp.o
 .comment       0x0000000000000043       0x44 ./Core/Src/stm32g4xx_it.o
 .comment       0x0000000000000043       0x44 ./Core/Src/system_stm32g4xx.o
 .comment       0x0000000000000043       0x44 ./Drivers/STM32G4xx_HAL_Driver/Src/stm32g4xx_hal.o
 .comment       0x0000000000000043       0x44 ./Drivers/STM32G4xx_HAL_Driver/Src/stm32g4xx_hal_cortex.o
 .comment       0x0000000000000043       0x44 ./Drivers/STM32G4xx_HAL_Driver/Src/stm32g4xx_hal_gpio.o
 .comment       0x0000000000000043       0x44 ./Drivers/STM32G4xx_HAL_Driver/Src/stm32g4xx_hal_pwr_ex.o
 .comment       0x0000000000000043       0x44 ./Drivers/STM32G4xx_HAL_Driver/Src/stm32g4xx_hal_rcc.o

.debug_info     0x0000000000000000     0x4e4e
 .debug_info    0x0000000000000000      0x447 ./Core/Src/gpio.o
 .debug_info    0x0000000000000447      0x535 ./Core/Src/main.o
 .debug_info    0x000000000000097c      0x570 ./Core/Src/project_work_cancello.o
 .debug_info    0x0000000000000eec      0x2da ./Core/Src/stm32g4xx_hal_msp.o
 .debug_info    0x00000000000011c6      0x113 ./Core/Src/stm32g4xx_it.o
 .debug_info    0x00000000000012d9      0x58e ./Core/Src/system_stm32g4xx.o
 .debug_info    0x0000000000001867       0x23 ./Core/Startup/startup_stm32g474retx.o
 .debug_info    0x000000000000188a      0xb95 ./Drivers/STM32G4xx_HAL_Driver/Src/stm32g4xx_hal.o
 .debug_info    0x000000000000241f      0xdad ./Drivers/STM32G4xx_HAL_Driver/Src/stm32g4xx_hal_cortex.o
 .debug_info    0x00000000000031cc      0x763 ./Drivers/STM32G4xx_HAL_Driver/Src/stm32g4xx_hal_gpio.o
 .debug_info    0x000000000000392f      0x93f ./Drivers/STM32G4xx_HAL_Driver/Src/stm32g4xx_hal_pwr_ex.o
 .debug_info    0x000000000000426e      0xbe0 ./Drivers/STM32G4xx_HAL_Driver/Src/stm32g4xx_hal_rcc.o

.debug_abbrev   0x0000000000000000     0x13bd
 .debug_abbrev  0x0000000000000000      0x152 ./Core/Src/gpio.o
 .debug_abbrev  0x0000000000000152      0x20c ./Core/Src/main.o
 .debug_abbrev  0x000000000000035e      0x19a ./Core/Src/project_work_cancello.o
 .debug_abbrev  0x00000000000004f8       0xd9 ./Core/Src/stm32g4xx_hal_msp.o
 .debug_abbrev  0x00000000000005d1       0x73 ./Core/Src/stm32g4xx_it.o
 .debug_abbrev  0x0000000000000644      0x11a ./Core/Src/system_stm32g4xx.o
 .debug_abbrev  0x000000000000075e       0x12 ./Core/Startup/startup_stm32g474retx.o
 .debug_abbrev  0x0000000000000770      0x271 ./Drivers/STM32G4xx_HAL_Driver/Src/stm32g4xx_hal.o
 .debug_abbrev  0x00000000000009e1      0x31c ./Drivers/STM32G4xx_HAL_Driver/Src/stm32g4xx_hal_cortex.o
 .debug_abbrev  0x0000000000000cfd      0x1cb ./Drivers/STM32G4xx_HAL_Driver/Src/stm32g4xx_hal_gpio.o
 .debug_abbrev  0x0000000000000ec8      0x22c ./Drivers/STM32G4xx_HAL_Driver/Src/stm32g4xx_hal_pwr_ex.o
 .debug_abbrev  0x00000000000010f4      0x2c9 ./Drivers/STM32G4xx_HAL_Driver/Src/stm32g4xx_hal_rcc.o

.debug_aranges  0x0000000000000000      0x618
 .debug_aranges
                0x0000000000000000       0x20 ./Core/Src/gpio.o
 .debug_aranges
                0x0000000000000020       0x40 ./Core/Src/main.o
 .debug_aranges
                0x0000000000000060       0x58 ./Core/Src/project_work_cancello.o
 .debug_aranges
                0x00000000000000b8       0x20 ./Core/Src/stm32g4xx_hal_msp.o
 .debug_aranges
                0x00000000000000d8       0x60 ./Core/Src/stm32g4xx_it.o
 .debug_aranges
                0x0000000000000138       0x28 ./Core/Src/system_stm32g4xx.o
 .debug_aranges
                0x0000000000000160       0x28 ./Core/Startup/startup_stm32g474retx.o
 .debug_aranges
                0x0000000000000188      0x148 ./Drivers/STM32G4xx_HAL_Driver/Src/stm32g4xx_hal.o
 .debug_aranges
                0x00000000000002d0      0x118 ./Drivers/STM32G4xx_HAL_Driver/Src/stm32g4xx_hal_cortex.o
 .debug_aranges
                0x00000000000003e8       0x58 ./Drivers/STM32G4xx_HAL_Driver/Src/stm32g4xx_hal_gpio.o
 .debug_aranges
                0x0000000000000440      0x140 ./Drivers/STM32G4xx_HAL_Driver/Src/stm32g4xx_hal_pwr_ex.o
 .debug_aranges
                0x0000000000000580       0x98 ./Drivers/STM32G4xx_HAL_Driver/Src/stm32g4xx_hal_rcc.o

.debug_rnglists
                0x0000000000000000      0x47a
 .debug_rnglists
                0x0000000000000000       0x14 ./Core/Src/gpio.o
 .debug_rnglists
                0x0000000000000014       0x2d ./Core/Src/main.o
 .debug_rnglists
                0x0000000000000041       0x4d ./Core/Src/project_work_cancello.o
 .debug_rnglists
                0x000000000000008e       0x13 ./Core/Src/stm32g4xx_hal_msp.o
 .debug_rnglists
                0x00000000000000a1       0x43 ./Core/Src/stm32g4xx_it.o
 .debug_rnglists
                0x00000000000000e4       0x1a ./Core/Src/system_stm32g4xx.o
 .debug_rnglists
                0x00000000000000fe       0x19 ./Core/Startup/startup_stm32g474retx.o
 .debug_rnglists
                0x0000000000000117       0xf1 ./Drivers/STM32G4xx_HAL_Driver/Src/stm32g4xx_hal.o
 .debug_rnglists
                0x0000000000000208       0xce ./Drivers/STM32G4xx_HAL_Driver/Src/stm32g4xx_hal_cortex.o
 .debug_rnglists
                0x00000000000002d6       0x3f ./Drivers/STM32G4xx_HAL_Driver/Src/stm32g4xx_hal_gpio.o
 .debug_rnglists
                0x0000000000000315       0xf1 ./Drivers/STM32G4xx_HAL_Driver/Src/stm32g4xx_hal_pwr_ex.o
 .debug_rnglists
                0x0000000000000406       0x74 ./Drivers/STM32G4xx_HAL_Driver/Src/stm32g4xx_hal_rcc.o

.debug_macro    0x0000000000000000    0x23498
 .debug_macro   0x0000000000000000      0x1bf ./Core/Src/gpio.o
 .debug_macro   0x00000000000001bf      0xaa8 ./Core/Src/gpio.o
 .debug_macro   0x0000000000000c67      0x14f ./Core/Src/gpio.o
 .debug_macro   0x0000000000000db6       0x2e ./Core/Src/gpio.o
 .debug_macro   0x0000000000000de4       0x28 ./Core/Src/gpio.o
 .debug_macro   0x0000000000000e0c       0x22 ./Core/Src/gpio.o
 .debug_macro   0x0000000000000e2e       0x8e ./Core/Src/gpio.o
 .debug_macro   0x0000000000000ebc       0x51 ./Core/Src/gpio.o
 .debug_macro   0x0000000000000f0d      0x103 ./Core/Src/gpio.o
 .debug_macro   0x0000000000001010       0x6a ./Core/Src/gpio.o
 .debug_macro   0x000000000000107a      0x1df ./Core/Src/gpio.o
 .debug_macro   0x0000000000001259       0x1c ./Core/Src/gpio.o
 .debug_macro   0x0000000000001275       0x22 ./Core/Src/gpio.o
 .debug_macro   0x0000000000001297       0xfb ./Core/Src/gpio.o
 .debug_macro   0x0000000000001392     0x1011 ./Core/Src/gpio.o
 .debug_macro   0x00000000000023a3      0x11f ./Core/Src/gpio.o
 .debug_macro   0x00000000000024c2    0x18b45 ./Core/Src/gpio.o
 .debug_macro   0x000000000001b007       0x6d ./Core/Src/gpio.o
 .debug_macro   0x000000000001b074     0x354d ./Core/Src/gpio.o
 .debug_macro   0x000000000001e5c1      0x174 ./Core/Src/gpio.o
 .debug_macro   0x000000000001e735       0x5c ./Core/Src/gpio.o
 .debug_macro   0x000000000001e791     0x171f ./Core/Src/gpio.o
 .debug_macro   0x000000000001feb0      0x600 ./Core/Src/gpio.o
 .debug_macro   0x00000000000204b0      0x1b6 ./Core/Src/gpio.o
 .debug_macro   0x0000000000020666      0x34a ./Core/Src/gpio.o
 .debug_macro   0x00000000000209b0      0x53c ./Core/Src/gpio.o
 .debug_macro   0x0000000000020eec      0x18b ./Core/Src/gpio.o
 .debug_macro   0x0000000000021077       0x43 ./Core/Src/gpio.o
 .debug_macro   0x00000000000210ba      0x23d ./Core/Src/gpio.o
 .debug_macro   0x00000000000212f7      0x211 ./Core/Src/gpio.o
 .debug_macro   0x0000000000021508      0x45c ./Core/Src/gpio.o
 .debug_macro   0x0000000000021964      0x11c ./Core/Src/gpio.o
 .debug_macro   0x0000000000021a80      0x122 ./Core/Src/gpio.o
 .debug_macro   0x0000000000021ba2      0x3d1 ./Core/Src/gpio.o
 .debug_macro   0x0000000000021f73      0x358 ./Core/Src/gpio.o
 .debug_macro   0x00000000000222cb       0x64 ./Core/Src/gpio.o
 .debug_macro   0x000000000002232f      0x1da ./Core/Src/main.o
 .debug_macro   0x0000000000022509       0x10 ./Core/Src/main.o
 .debug_macro   0x0000000000022519       0x5e ./Core/Src/main.o
 .debug_macro   0x0000000000022577       0x10 ./Core/Src/main.o
 .debug_macro   0x0000000000022587       0xf8 ./Core/Src/project_work_cancello.o
 .debug_macro   0x000000000002267f      0x1b5 ./Core/Src/stm32g4xx_hal_msp.o
 .debug_macro   0x0000000000022834      0x1bf ./Core/Src/stm32g4xx_it.o
 .debug_macro   0x00000000000229f3      0x1a6 ./Core/Src/system_stm32g4xx.o
 .debug_macro   0x0000000000022b99      0x1f4 ./Drivers/STM32G4xx_HAL_Driver/Src/stm32g4xx_hal.o
 .debug_macro   0x0000000000022d8d      0x1a6 ./Drivers/STM32G4xx_HAL_Driver/Src/stm32g4xx_hal_cortex.o
 .debug_macro   0x0000000000022f33      0x1ad ./Drivers/STM32G4xx_HAL_Driver/Src/stm32g4xx_hal_gpio.o
 .debug_macro   0x00000000000230e0      0x1d0 ./Drivers/STM32G4xx_HAL_Driver/Src/stm32g4xx_hal_pwr_ex.o
 .debug_macro   0x00000000000232b0      0x1e8 ./Drivers/STM32G4xx_HAL_Driver/Src/stm32g4xx_hal_rcc.o

.debug_line     0x0000000000000000     0x6bc5
 .debug_line    0x0000000000000000      0x71d ./Core/Src/gpio.o
 .debug_line    0x000000000000071d      0x843 ./Core/Src/main.o
 .debug_line    0x0000000000000f60      0x729 ./Core/Src/project_work_cancello.o
 .debug_line    0x0000000000001689      0x707 ./Core/Src/stm32g4xx_hal_msp.o
 .debug_line    0x0000000000001d90      0x7c8 ./Core/Src/stm32g4xx_it.o
 .debug_line    0x0000000000002558      0x76f ./Core/Src/system_stm32g4xx.o
 .debug_line    0x0000000000002cc7       0x7b ./Core/Startup/startup_stm32g474retx.o
 .debug_line    0x0000000000002d42      0xb2e ./Drivers/STM32G4xx_HAL_Driver/Src/stm32g4xx_hal.o
 .debug_line    0x0000000000003870      0xc99 ./Drivers/STM32G4xx_HAL_Driver/Src/stm32g4xx_hal_cortex.o
 .debug_line    0x0000000000004509      0xb29 ./Drivers/STM32G4xx_HAL_Driver/Src/stm32g4xx_hal_gpio.o
 .debug_line    0x0000000000005032      0xc9d ./Drivers/STM32G4xx_HAL_Driver/Src/stm32g4xx_hal_pwr_ex.o
 .debug_line    0x0000000000005ccf      0xef6 ./Drivers/STM32G4xx_HAL_Driver/Src/stm32g4xx_hal_rcc.o

.debug_str      0x0000000000000000    0xdf498
 .debug_str     0x0000000000000000    0xdcc6d ./Core/Src/gpio.o
                                      0xdcf0a (size before relaxing)
 .debug_str     0x00000000000dcc6d      0x515 ./Core/Src/main.o
                                      0xdd27f (size before relaxing)
 .debug_str     0x00000000000dd182      0x65f ./Core/Src/project_work_cancello.o
                                       0x37cd (size before relaxing)
 .debug_str     0x00000000000dd7e1       0x4d ./Core/Src/stm32g4xx_hal_msp.o
                                      0xdce60 (size before relaxing)
 .debug_str     0x00000000000dd82e       0xc9 ./Core/Src/stm32g4xx_it.o
                                      0xdcd6f (size before relaxing)
 .debug_str     0x00000000000dd8f7       0xe5 ./Core/Src/system_stm32g4xx.o
                                      0xdcdb9 (size before relaxing)
 .debug_str     0x00000000000dd9dc       0x77 ./Core/Startup/startup_stm32g474retx.o
 .debug_str     0x00000000000dda53      0xc1e ./Drivers/STM32G4xx_HAL_Driver/Src/stm32g4xx_hal.o
                                      0xddacb (size before relaxing)
 .debug_str     0x00000000000de671      0x355 ./Drivers/STM32G4xx_HAL_Driver/Src/stm32g4xx_hal_cortex.o
                                      0xdd74f (size before relaxing)
 .debug_str     0x00000000000de9c6      0x127 ./Drivers/STM32G4xx_HAL_Driver/Src/stm32g4xx_hal_gpio.o
                                      0xdcf44 (size before relaxing)
 .debug_str     0x00000000000deaed      0x4a5 ./Drivers/STM32G4xx_HAL_Driver/Src/stm32g4xx_hal_pwr_ex.o
                                      0xdd2a7 (size before relaxing)
 .debug_str     0x00000000000def92      0x506 ./Drivers/STM32G4xx_HAL_Driver/Src/stm32g4xx_hal_rcc.o
                                      0xdd4d8 (size before relaxing)

.debug_frame    0x0000000000000000     0x15f4
 .debug_frame   0x0000000000000000       0x34 ./Core/Src/gpio.o
 .debug_frame   0x0000000000000034       0xa4 ./Core/Src/main.o
 .debug_frame   0x00000000000000d8      0x124 ./Core/Src/project_work_cancello.o
 .debug_frame   0x00000000000001fc       0x34 ./Core/Src/stm32g4xx_hal_msp.o
 .debug_frame   0x0000000000000230      0x104 ./Core/Src/stm32g4xx_it.o
 .debug_frame   0x0000000000000334       0x58 ./Core/Src/system_stm32g4xx.o
 .debug_frame   0x000000000000038c      0x500 ./Drivers/STM32G4xx_HAL_Driver/Src/stm32g4xx_hal.o
 .debug_frame   0x000000000000088c      0x498 ./Drivers/STM32G4xx_HAL_Driver/Src/stm32g4xx_hal_cortex.o
 .debug_frame   0x0000000000000d24      0x14c ./Drivers/STM32G4xx_HAL_Driver/Src/stm32g4xx_hal_gpio.o
 .debug_frame   0x0000000000000e70      0x4fc ./Drivers/STM32G4xx_HAL_Driver/Src/stm32g4xx_hal_pwr_ex.o
 .debug_frame   0x000000000000136c      0x23c ./Drivers/STM32G4xx_HAL_Driver/Src/stm32g4xx_hal_rcc.o
 .debug_frame   0x00000000000015a8       0x20 C:/ST/STM32CubeIDE_1.14.1/STM32CubeIDE/plugins/com.st.stm32cube.ide.mcu.externaltools.gnu-tools-for-stm32.11.3.rel1.win32_1.1.100.202309141235/tools/bin/../lib/gcc/arm-none-eabi/11.3.1/../../../../arm-none-eabi/lib/thumb/v7e-m+fp/hard\libc_nano.a(libc_a-memset.o)
 .debug_frame   0x00000000000015c8       0x2c C:/ST/STM32CubeIDE_1.14.1/STM32CubeIDE/plugins/com.st.stm32cube.ide.mcu.externaltools.gnu-tools-for-stm32.11.3.rel1.win32_1.1.100.202309141235/tools/bin/../lib/gcc/arm-none-eabi/11.3.1/../../../../arm-none-eabi/lib/thumb/v7e-m+fp/hard\libc_nano.a(libc_a-init.o)

.debug_line_str
                0x0000000000000000       0x6b
 .debug_line_str
                0x0000000000000000       0x6b ./Core/Startup/startup_stm32g474retx.o
                                         0x83 (size before relaxing)
